<?xml version="1.0" encoding="UTF-8"?>
<testsuites name="jest tests" tests="2" failures="0" errors="0" time="0.357">
  <testsuite name="addition" errors="0" failures="0" skipped="0" timestamp="2023-03-07T19:31:04" time="0.262" tests="2">
    <testcase classname="addition positive numbers should add up" name="addition positive numbers should add up" time="0.002">
    </testcase>
    <testcase classname="subtraction positive numbers should subtract" name="subtraction positive numbers should subtract" time="0">
    </testcase>
  </testsuite>
</testsuites>